// Jest Snapshot v1, https://goo.gl/fbAQLP

exports[`When the cookie is not set matches the snapshot 1`] = `
<div
  class="gl-popover"
  offset="53"
  show=""
>
  
  GitLab can scan your code for security vulnerabilities. Static Application Security Testing (SAST) helps you worry less and build more.
  
  <div
    class="gl-text-right gl-font-weight-bold"
  >
    <a
      class="btn btn-link btn-md gl-button"
      href="sast_documentation_path"
    >
      <!---->
       
      <!---->
        
      <span
        class="gl-button-text"
      >
        
      How do I set up SAST?
    
      </span>
    </a>
  </div>
  <div
    class="gl-display-flex"
  >
    <span>
      
        Catch your security vulnerabilities ahead of time!
        
      <gl-emoji
        class="gl-ml-2"
        data-name="raised_hands"
      />
    </span>
     
    <button
      aria-label="Close"
      class="btn gl-align-self-start close gl-opacity-10 btn-default btn-md gl-button btn-default-tertiary btn-icon"
      data-testid="close-btn"
      type="button"
    >
      <!---->
       
      <svg
        aria-hidden="true"
        class="gl-button-icon gl-icon s16"
        data-testid="close-icon"
        role="img"
      >
        <use
          href="#close"
        />
      </svg>
        
      <!---->
    </button>
  </div>
</div>
`;
